// Jest Snapshot v1, https://goo.gl/fbAQLP

exports[`component ErrorMessage match snapshot 1`] = `
<div
  className="flex justify-center items-center h-screen"
>
  <h2
    className="font-albaSuper text-orange-500 text-5xl text-center pb-4"
  >
    test
  </h2>
</div>
`;
